<html>
<body>
<pre>
<h1>µVision Build Log</h1>
<h2>Project:</h2>
C:\Users\User\Documents\GitHub\445L-Garden-Telemetry\GardenTelemetry\Blynk.uvproj
Project File Date:  10/23/2018

<h2>Output:</h2>
Rebuild target 'Blynk'
assembling startup.s...
compiling PLL.c...
compiling UART.c...
compiling Blynk.c...
compiling ST7735.c...
compiling esp8266.c...
compiling PortF.c...
compiling PWM.c...
compiling fixed.c...
compiling clock.c...
compiling ADCSWTrigger.c...
compiling Timer.c...
compiling SysTick.c...
linking...
Program Size: Code=15924 RO-data=10772 RW-data=436 ZI-data=18516  
".\Blynk.axf" - 0 Error(s), 0 Warning(s).
Load "C:\\Users\\User\\Documents\\GitHub\\445L-Garden-Telemetry\\GardenTelemetry\\Blynk.axf" 
Connecting: Mode=JTAG, Speed=1000000Hz
Erase Done.
Programming Done.
Verify OK.
</pre>
</body>
</html>
