ARM Linker, 5.03 [Build 76] [MDK-ARM Lite]

==============================================================================

Section Cross References

    startup.o(RESET) refers to startup.o(STACK) for StackMem
    startup.o(RESET) refers to systick.o(i.SysTick_Handler) for SysTick_Handler
    startup.o(RESET) refers to uart.o(i.UART0_Handler) for UART0_Handler
    startup.o(RESET) refers to timer.o(i.Timer0A_Handler) for Timer0A_Handler
    startup.o(RESET) refers to timer.o(i.Timer1A_Handler) for Timer1A_Handler
    startup.o(RESET) refers to timer.o(i.Timer2A_Handler) for Timer2A_Handler
    startup.o(RESET) refers to timer.o(i.Timer3A_Handler) for Timer3A_Handler
    startup.o(RESET) refers to esp8266.o(i.UART5_Handler) for UART5_Handler
    startup.o(RESET) refers to entry.o(.ARM.Collect$$$$00000000) for __main
    uart.o(i.RxFifo_Get) refers to uart.o(.data) for RxPutI
    uart.o(i.RxFifo_Get) refers to uart.o(.bss) for RxFifo
    uart.o(i.RxFifo_Init) refers to startup.o(.text) for StartCritical
    uart.o(i.RxFifo_Init) refers to uart.o(.data) for RxGetI
    uart.o(i.RxFifo_Put) refers to uart.o(.data) for RxPutI
    uart.o(i.RxFifo_Put) refers to uart.o(.bss) for RxFifo
    uart.o(i.RxFifo_Size) refers to uart.o(.data) for RxPutI
    uart.o(i.TxFifo_Get) refers to uart.o(.data) for TxPutI
    uart.o(i.TxFifo_Get) refers to uart.o(.bss) for TxFifo
    uart.o(i.TxFifo_Init) refers to startup.o(.text) for StartCritical
    uart.o(i.TxFifo_Init) refers to uart.o(.data) for TxGetI
    uart.o(i.TxFifo_Put) refers to uart.o(.data) for TxPutI
    uart.o(i.TxFifo_Put) refers to uart.o(.bss) for TxFifo
    uart.o(i.TxFifo_Size) refers to uart.o(.data) for TxPutI
    uart.o(i.UART0_Handler) refers to uart.o(i.copySoftwareToHardware) for copySoftwareToHardware
    uart.o(i.UART0_Handler) refers to uart.o(i.TxFifo_Size) for TxFifo_Size
    uart.o(i.UART0_Handler) refers to uart.o(i.copyHardwareToSoftware) for copyHardwareToSoftware
    uart.o(i.UART_InChar) refers to uart.o(i.RxFifo_Get) for RxFifo_Get
    uart.o(i.UART_InCharNonBlock) refers to uart.o(i.RxFifo_Get) for RxFifo_Get
    uart.o(i.UART_InString) refers to uart.o(i.UART_InChar) for UART_InChar
    uart.o(i.UART_InString) refers to uart.o(i.UART_OutChar) for UART_OutChar
    uart.o(i.UART_InUDec) refers to uart.o(i.UART_InChar) for UART_InChar
    uart.o(i.UART_InUDec) refers to uart.o(i.UART_OutChar) for UART_OutChar
    uart.o(i.UART_InUHex) refers to uart.o(i.UART_InChar) for UART_InChar
    uart.o(i.UART_InUHex) refers to uart.o(i.UART_OutChar) for UART_OutChar
    uart.o(i.UART_Init) refers to uart.o(i.RxFifo_Init) for RxFifo_Init
    uart.o(i.UART_Init) refers to uart.o(i.TxFifo_Init) for TxFifo_Init
    uart.o(i.UART_Init) refers to startup.o(.text) for EnableInterrupts
    uart.o(i.UART_OutChar) refers to uart.o(i.TxFifo_Put) for TxFifo_Put
    uart.o(i.UART_OutChar) refers to uart.o(i.copySoftwareToHardware) for copySoftwareToHardware
    uart.o(i.UART_OutString) refers to uart.o(i.UART_OutChar) for UART_OutChar
    uart.o(i.UART_OutUDec) refers to uart.o(i.UART_OutChar) for UART_OutChar
    uart.o(i.UART_OutUHex) refers to uart.o(i.UART_OutChar) for UART_OutChar
    uart.o(i.copyHardwareToSoftware) refers to uart.o(i.RxFifo_Put) for RxFifo_Put
    uart.o(i.copyHardwareToSoftware) refers to uart.o(i.RxFifo_Size) for RxFifo_Size
    uart.o(i.copySoftwareToHardware) refers to uart.o(i.TxFifo_Get) for TxFifo_Get
    uart.o(i.copySoftwareToHardware) refers to uart.o(i.TxFifo_Size) for TxFifo_Size
    blynk.o(i.Blynk_to_TM4C) refers to esp8266.o(i.ESP8266_GetMessage) for ESP8266_GetMessage
    blynk.o(i.Blynk_to_TM4C) refers to uart.o(i.UART_OutChar) for UART_OutChar
    blynk.o(i.Blynk_to_TM4C) refers to strtok.o(.text) for strtok
    blynk.o(i.Blynk_to_TM4C) refers to strcpy.o(.text) for strcpy
    blynk.o(i.Blynk_to_TM4C) refers to atoi.o(.text) for atoi
    blynk.o(i.Blynk_to_TM4C) refers to pwm.o(i.PWM0B_Duty) for PWM0B_Duty
    blynk.o(i.Blynk_to_TM4C) refers to clock.o(i.getMode) for getMode
    blynk.o(i.Blynk_to_TM4C) refers to clock.o(i.setMode) for setMode
    blynk.o(i.Blynk_to_TM4C) refers to clock.o(i.toggleMerridian) for toggleMerridian
    blynk.o(i.Blynk_to_TM4C) refers to clock.o(i.setHour) for setHour
    blynk.o(i.Blynk_to_TM4C) refers to clock.o(i.setMinute) for setMinute
    blynk.o(i.Blynk_to_TM4C) refers to clock.o(i.setSecond) for setSecond
    blynk.o(i.Blynk_to_TM4C) refers to clock.o(i.printAlarmStatus) for printAlarmStatus
    blynk.o(i.Blynk_to_TM4C) refers to clock.o(i.enableAlarm) for enableAlarm
    blynk.o(i.Blynk_to_TM4C) refers to clock.o(i.disableAlarm) for disableAlarm
    blynk.o(i.Blynk_to_TM4C) refers to clock.o(i.setSensor) for setSensor
    blynk.o(i.Blynk_to_TM4C) refers to blynk.o(i.changeHeaterState) for changeHeaterState
    blynk.o(i.Blynk_to_TM4C) refers to blynk.o(i.changeWaterState) for changeWaterState
    blynk.o(i.Blynk_to_TM4C) refers to blynk.o(i.changeLightState) for changeLightState
[...]
    ../clib/microlib/ctype/ctype.c           0x00000000   Number         0  isalpha_o.o ABSOLUTE
    ../clib/microlib/ctype/ctype.c           0x00000000   Number         0  isalnum_o.o ABSOLUTE
    ../clib/microlib/ctype/ctype.c           0x00000000   Number         0  isxdigit_o.o ABSOLUTE
    ../clib/microlib/ctype/ctype.c           0x00000000   Number         0  isupper_o.o ABSOLUTE
    ../clib/microlib/ctype/ctype.c           0x00000000   Number         0  ctype_o.o ABSOLUTE
    ../clib/microlib/ctype/ctype.c           0x00000000   Number         0  ispunct_o.o ABSOLUTE
    ../clib/microlib/ctype/ctype.c           0x00000000   Number         0  isprint_o.o ABSOLUTE
    ../clib/microlib/ctype/ctype.c           0x00000000   Number         0  islower_o.o ABSOLUTE
    ../clib/microlib/ctype/ctype.c           0x00000000   Number         0  isgraph_o.o ABSOLUTE
    ../clib/microlib/ctype/ctype.c           0x00000000   Number         0  isdigit_o.o ABSOLUTE
    ../clib/microlib/ctype/ctype.c           0x00000000   Number         0  iscntrl_o.o ABSOLUTE
    ../clib/microlib/ctype/ctype.c           0x00000000   Number         0  isblank_o.o ABSOLUTE
    ../clib/microlib/division.c              0x00000000   Number         0  uldiv.o ABSOLUTE
    ../clib/microlib/division.c              0x00000000   Number         0  uidiv.o ABSOLUTE
    ../clib/microlib/errno.c                 0x00000000   Number         0  errno.o ABSOLUTE
    ../clib/microlib/init/entry.s            0x00000000   Number         0  entry8b.o ABSOLUTE
    ../clib/microlib/init/entry.s            0x00000000   Number         0  entry8a.o ABSOLUTE
    ../clib/microlib/init/entry.s            0x00000000   Number         0  entry7b.o ABSOLUTE
    ../clib/microlib/init/entry.s            0x00000000   Number         0  entry7a.o ABSOLUTE
    ../clib/microlib/init/entry.s            0x00000000   Number         0  entry5.o ABSOLUTE
    ../clib/microlib/init/entry.s            0x00000000   Number         0  entry.o ABSOLUTE
    ../clib/microlib/init/entry.s            0x00000000   Number         0  entry11b.o ABSOLUTE
    ../clib/microlib/init/entry.s            0x00000000   Number         0  entry11a.o ABSOLUTE
    ../clib/microlib/init/entry.s            0x00000000   Number         0  entry10b.o ABSOLUTE
    ../clib/microlib/init/entry.s            0x00000000   Number         0  entry2.o ABSOLUTE
    ../clib/microlib/init/entry.s            0x00000000   Number         0  entry10a.o ABSOLUTE
    ../clib/microlib/init/entry.s            0x00000000   Number         0  entry9b.o ABSOLUTE
    ../clib/microlib/init/entry.s            0x00000000   Number         0  entry9a.o ABSOLUTE
    ../clib/microlib/longlong.c              0x00000000   Number         0  llsshr.o ABSOLUTE
    ../clib/microlib/longlong.c              0x00000000   Number         0  llushr.o ABSOLUTE
    ../clib/microlib/longlong.c              0x00000000   Number         0  llshl.o ABSOLUTE
    ../clib/microlib/printf/printf.c         0x00000000   Number         0  printf6.o ABSOLUTE
    ../clib/microlib/printf/printf.c         0x00000000   Number         0  printfb.o ABSOLUTE
    ../clib/microlib/printf/printf.c         0x00000000   Number         0  printf0.o ABSOLUTE
    ../clib/microlib/printf/printf.c         0x00000000   Number         0  printf1.o ABSOLUTE
    ../clib/microlib/printf/printf.c         0x00000000   Number         0  printf3.o ABSOLUTE
    ../clib/microlib/printf/printf.c         0x00000000   Number         0  printf4.o ABSOLUTE
    ../clib/microlib/printf/printf.c         0x00000000   Number         0  printf5.o ABSOLUTE
    ../clib/microlib/printf/printf.c         0x00000000   Number         0  printf7.o ABSOLUTE
    ../clib/microlib/printf/printf.c         0x00000000   Number         0  printf8.o ABSOLUTE
    ../clib/microlib/printf/printf.c         0x00000000   Number         0  printfa.o ABSOLUTE
    ../clib/microlib/printf/printf.c         0x00000000   Number         0  printf2.o ABSOLUTE
    ../clib/microlib/printf/stubs.s          0x00000000   Number         0  stubs.o ABSOLUTE
    ../clib/microlib/stdio/streams.c         0x00000000   Number         0  stdout.o ABSOLUTE
    ../clib/microlib/string/strcpy.c         0x00000000   Number         0  strcpy.o ABSOLUTE
    ../clib/microlib/string/strtok.c         0x00000000   Number         0  strtok.o ABSOLUTE
    ../clib/microlib/string/strtok.c         0x00000000   Number         0  strtok_r.o ABSOLUTE
    ../clib/microlib/stubs.s                 0x00000000   Number         0  iusefp.o ABSOLUTE
    ../clib/scanf.c                          0x00000000   Number         0  _chval.o ABSOLUTE
    ../clib/scanf.c                          0x00000000   Number         0  _strtoul.o ABSOLUTE
    ../clib/scanf.c                          0x00000000   Number         0  strtol.o ABSOLUTE
    ../clib/scanf.c                          0x00000000   Number         0  atoi.o ABSOLUTE
    ../fplib/microlib/d2f.c                  0x00000000   Number         0  d2f.o ABSOLUTE
    ../fplib/microlib/f2d.c                  0x00000000   Number         0  f2d.o ABSOLUTE
    ../fplib/microlib/fpadd.c                0x00000000   Number         0  dadd.o ABSOLUTE
    ../fplib/microlib/fpdiv.c                0x00000000   Number         0  ddiv.o ABSOLUTE
    ../fplib/microlib/fpepilogue.c           0x00000000   Number         0  fepilogue.o ABSOLUTE
    ../fplib/microlib/fpepilogue.c           0x00000000   Number         0  depilogue.o ABSOLUTE
    ../fplib/microlib/fpfix.c                0x00000000   Number         0  dfixi.o ABSOLUTE
    ../fplib/microlib/fpfix.c                0x00000000   Number         0  dfixul.o ABSOLUTE
    ../fplib/microlib/fpflt.c                0x00000000   Number         0  dflti.o ABSOLUTE
    ../fplib/microlib/fpflt.c                0x00000000   Number         0  dfltui.o ABSOLUTE
    ../fplib/microlib/fpmul.c                0x00000000   Number         0  dmul.o ABSOLUTE
    ../fplib/microlib/fpscalb.c              0x00000000   Number         0  dscalb.o ABSOLUTE
    ../mathlib/cos.c                         0x00000000   Number         0  cos.o ABSOLUTE
    ../mathlib/cos.c                         0x00000000   Number         0  cos_x.o ABSOLUTE
    ../mathlib/cos_i.c                       0x00000000   Number         0  cos_i.o ABSOLUTE
    ../mathlib/dunder.c                      0x00000000   Number         0  dunder.o ABSOLUTE
    ../mathlib/fpclassify.c                  0x00000000   Number         0  fpclassify.o ABSOLUTE
    ../mathlib/poly.c                        0x00000000   Number         0  poly.o ABSOLUTE
    ../mathlib/rred.c                        0x00000000   Number         0  rred.o ABSOLUTE
    ../mathlib/sin.c                         0x00000000   Number         0  sin_x.o ABSOLUTE
    ../mathlib/sin.c                         0x00000000   Number         0  sin.o ABSOLUTE
    ../mathlib/sin_i.c                       0x00000000   Number         0  sin_i.o ABSOLUTE
    ../mathlib/sin_i.c                       0x00000000   Number         0  sin_i_x.o ABSOLUTE
    ADCSWTrigger.c                           0x00000000   Number         0  adcswtrigger.o ABSOLUTE
    Blynk.c                                  0x00000000   Number         0  blynk.o ABSOLUTE
    PLL.c                                    0x00000000   Number         0  pll.o ABSOLUTE
    PWM.c                                    0x00000000   Number         0  pwm.o ABSOLUTE
    PortF.c                                  0x00000000   Number         0  portf.o ABSOLUTE
    ST7735.c                                 0x00000000   Number         0  st7735.o ABSOLUTE
    SysTick.c                                0x00000000   Number         0  systick.o ABSOLUTE
    Timer.c                                  0x00000000   Number         0  timer.o ABSOLUTE
    UART.c                                   0x00000000   Number         0  uart.o ABSOLUTE
    cdrcmple.s                               0x00000000   Number         0  cdrcmple.o ABSOLUTE
    clock.c                                  0x00000000   Number         0  clock.o ABSOLUTE
    dc.s                                     0x00000000   Number         0  dc.o ABSOLUTE
    esp8266.c                                0x00000000   Number         0  esp8266.o ABSOLUTE
    fixed.c                                  0x00000000   Number         0  fixed.o ABSOLUTE
    handlers.s                               0x00000000   Number         0  handlers.o ABSOLUTE
    init.s                                   0x00000000   Number         0  init.o ABSOLUTE
    startup.s                                0x00000000   Number         0  startup.o ABSOLUTE
    .ARM.Collect$$$$00000000                 0x00000284   Section        0  entry.o(.ARM.Collect$$$$00000000)
    .ARM.Collect$$$$00000001                 0x00000284   Section        4  entry2.o(.ARM.Collect$$$$00000001)
    .ARM.Collect$$$$00000004                 0x00000288   Section        4  entry5.o(.ARM.Collect$$$$00000004)
    .ARM.Collect$$$$00000008                 0x0000028c   Section        0  entry7b.o(.ARM.Collect$$$$00000008)
    .ARM.Collect$$$$0000000A                 0x0000028c   Section        0  entry8b.o(.ARM.Collect$$$$0000000A)
    .ARM.Collect$$$$0000000B                 0x0000028c   Section        8  entry9a.o(.ARM.Collect$$$$0000000B)
    .ARM.Collect$$$$0000000D                 0x00000294   Section        0  entry10a.o(.ARM.Collect$$$$0000000D)
    .ARM.Collect$$$$0000000F                 0x00000294   Section        0  entry11a.o(.ARM.Collect$$$$0000000F)
    .ARM.Collect$$$$00002712                 0x00000294   Section        4  entry2.o(.ARM.Collect$$$$00002712)
    __lit__00000000                          0x00000294   Data           4  entry2.o(.ARM.Collect$$$$00002712)
    .text                                    0x00000298   Section       28  startup.o(.text)
    .text                                    0x000002b4   Section        0  strcpy.o(.text)
    .text                                    0x000002c8   Section        0  strtok.o(.text)
    .text                                    0x0000030c   Section        0  atoi.o(.text)
    .text                                    0x00000326   Section        0  dadd.o(.text)
    .text                                    0x00000474   Section        0  dmul.o(.text)
    .text                                    0x00000558   Section        0  ddiv.o(.text)
    .text                                    0x00000636   Section        0  dflti.o(.text)
    .text                                    0x00000658   Section        0  dfixi.o(.text)
    .text                                    0x00000696   Section        0  f2d.o(.text)
    .text                                    0x000006bc   Section        0  d2f.o(.text)
    .text                                    0x000006f4   Section        0  uidiv.o(.text)
    .text                                    0x00000720   Section        0  llshl.o(.text)
    .text                                    0x0000073e   Section        0  llushr.o(.text)
    .text                                    0x0000075e   Section        0  llsshr.o(.text)
    .text                                    0x00000782   Section        0  strtol.o(.text)
    .text                                    0x000007f2   Section        0  fepilogue.o(.text)
    .text                                    0x000007f2   Section        0  iusefp.o(.text)
    .text                                    0x0000085e   Section        0  depilogue.o(.text)
    .text                                    0x0000091c   Section        0  dscalb.o(.text)
    .text                                    0x0000094c   Section       36  init.o(.text)
    .text                                    0x00000970   Section        0  ctype_o.o(.text)
    .text                                    0x00000978   Section        0  _strtoul.o(.text)
    .text                                    0x00000a16   Section        0  dfltui.o(.text)
    .text                                    0x00000a30   Section        0  _chval.o(.text)
    .text                                    0x00000a4c   Section        0  __dczerorl2.o(.text)
    i.ADC0_InitSWTriggerSeq3_Ch9             0x00000aa8   Section        0  adcswtrigger.o(i.ADC0_InitSWTriggerSeq3_Ch9)
    i.Blynk_to_TM4C                          0x00000b94   Section        0  blynk.o(i.Blynk_to_TM4C)
    i.Delay1ms                               0x00000dc0   Section        0  st7735.o(i.Delay1ms)
    i.DelayMs                                0x00000de0   Section        0  esp8266.o(i.DelayMs)
    i.ESP8266_GetMessage                     0x00000e00   Section        0  esp8266.o(i.ESP8266_GetMessage)
    i.ESP8266_Init                           0x00000e50   Section        0  esp8266.o(i.ESP8266_Init)
    i.ESP8266_OutChar                        0x00000ed8   Section        0  esp8266.o(i.ESP8266_OutChar)
    i.ESP8266_OutString                      0x00000f0c   Section        0  esp8266.o(i.ESP8266_OutString)
    i.ESP8266_OutUDec                        0x00000f24   Section        0  esp8266.o(i.ESP8266_OutUDec)
    i.ESP8266_Reset                          0x00000f50   Section        0  esp8266.o(i.ESP8266_Reset)
    i.ESP8266_SetupWiFi                      0x00001048   Section        0  esp8266.o(i.ESP8266_SetupWiFi)
    i.Output_Color                           0x00001260   Section        0  st7735.o(i.Output_Color)
    i.Output_Init                            0x0000126c   Section        0  st7735.o(i.Output_Init)
    i.PLL_Init                               0x0000127c   Section        0  pll.o(i.PLL_Init)
    i.PWM0A_Init                             0x000012f8   Section        0  pwm.o(i.PWM0A_Init)
    i.PWM0B_Duty                             0x000013b0   Section        0  pwm.o(i.PWM0B_Duty)
    i.PWM0B_Init                             0x000013bc   Section        0  pwm.o(i.PWM0B_Init)
    i.PortF_Init                             0x00001478   Section        0  portf.o(i.PortF_Init)
    i.PortF_Input                            0x000014d0   Section        0  portf.o(i.PortF_Input)
    i.PortF_Output                           0x000014e0   Section        0  portf.o(i.PortF_Output)
    i.Rx5Fifo_Init                           0x00001524   Section        0  esp8266.o(i.Rx5Fifo_Init)
    i.Rx5Fifo_Put                            0x00001550   Section        0  esp8266.o(i.Rx5Fifo_Put)
    i.Rx5Fifo_Size                           0x00001620   Section        0  esp8266.o(i.Rx5Fifo_Size)
    i.RxFifo_Init                            0x00001634   Section        0  uart.o(i.RxFifo_Init)
    i.RxFifo_Put                             0x00001658   Section        0  uart.o(i.RxFifo_Put)
    i.RxFifo_Size                            0x00001694   Section        0  uart.o(i.RxFifo_Size)
    i.ST7735_Color565                        0x000016a8   Section        0  st7735.o(i.ST7735_Color565)
    i.ST7735_DrawBitmap                      0x000016c0   Section        0  st7735.o(i.ST7735_DrawBitmap)
    i.ST7735_DrawCharS                       0x000017e4   Section        0  st7735.o(i.ST7735_DrawCharS)
    i.ST7735_DrawFastVLine                   0x000018d8   Section        0  st7735.o(i.ST7735_DrawFastVLine)
    i.ST7735_DrawPixel                       0x00001958   Section        0  st7735.o(i.ST7735_DrawPixel)
    i.ST7735_DrawString                      0x000019a4   Section        0  st7735.o(i.ST7735_DrawString)
    i.ST7735_FillRect                        0x000019fc   Section        0  st7735.o(i.ST7735_FillRect)
    i.ST7735_FillScreen                      0x00001aac   Section        0  st7735.o(i.ST7735_FillScreen)
    i.ST7735_InitR                           0x00001ad0   Section        0  st7735.o(i.ST7735_InitR)
    i.ST7735_Line                            0x00001b4c   Section        0  fixed.o(i.ST7735_Line)
    i.ST7735_OutChar                         0x00001bf8   Section        0  st7735.o(i.ST7735_OutChar)
    i.ST7735_OutString                       0x00001cd0   Section        0  st7735.o(i.ST7735_OutString)
    i.ST7735_PlotBar                         0x00001ce8   Section        0  st7735.o(i.ST7735_PlotBar)
    i.ST7735_PlotClear                       0x00001d40   Section        0  st7735.o(i.ST7735_PlotClear)
    i.ST7735_PlotNext                        0x00001d9c   Section        0  st7735.o(i.ST7735_PlotNext)
    i.ST7735_SetCursor                       0x00001dbc   Section        0  st7735.o(i.ST7735_SetCursor)
    i.ST7735_SetTextColor                    0x00001ddc   Section        0  st7735.o(i.ST7735_SetTextColor)
    i.SendInformation                        0x00001de8   Section        0  blynk.o(i.SendInformation)
    i.SysTick_Handler                        0x00001f44   Section        0  systick.o(i.SysTick_Handler)
    i.SysTick_Init                           0x00001f68   Section        0  systick.o(i.SysTick_Init)
    i.TM4C_to_Blynk                          0x00001f9c   Section        0  blynk.o(i.TM4C_to_Blynk)
    i.Timer0A_Handler                        0x00001fd8   Section        0  timer.o(i.Timer0A_Handler)
    i.Timer0_Init                            0x00001ff0   Section        0  timer.o(i.Timer0_Init)
    i.Timer1A_Handler                        0x00002064   Section        0  timer.o(i.Timer1A_Handler)
    i.Timer2A_Handler                        0x0000207c   Section        0  timer.o(i.Timer2A_Handler)
    i.Timer2_Init                            0x00002094   Section        0  timer.o(i.Timer2_Init)
    i.Timer3A_Handler                        0x000020f4   Section        0  timer.o(i.Timer3A_Handler)
    i.Timer3_Init                            0x0000210c   Section        0  timer.o(i.Timer3_Init)
    i.Tx5Fifo_Get                            0x0000216c   Section        0  esp8266.o(i.Tx5Fifo_Get)
    i.Tx5Fifo_Init                           0x000021a4   Section        0  esp8266.o(i.Tx5Fifo_Init)
    i.Tx5Fifo_Put                            0x000021c8   Section        0  esp8266.o(i.Tx5Fifo_Put)
    i.Tx5Fifo_Size                           0x00002204   Section        0  esp8266.o(i.Tx5Fifo_Size)
    i.TxFifo_Get                             0x00002218   Section        0  uart.o(i.TxFifo_Get)
    i.TxFifo_Init                            0x00002254   Section        0  uart.o(i.TxFifo_Init)
    i.TxFifo_Put                             0x00002278   Section        0  uart.o(i.TxFifo_Put)
    i.TxFifo_Size                            0x000022b4   Section        0  uart.o(i.TxFifo_Size)
    i.UART0_Handler                          0x000022c8   Section        0  uart.o(i.UART0_Handler)
    i.UART5_Handler                          0x00002320   Section        0  esp8266.o(i.UART5_Handler)
    i.UART5_Init                             0x00002378   Section        0  esp8266.o(i.UART5_Init)
    i.UART_Init                              0x00002450   Section        0  uart.o(i.UART_Init)
    i.UART_OutChar                           0x0000251c   Section        0  uart.o(i.UART_OutChar)
    i.UART_OutString                         0x00002550   Section        0  uart.o(i.UART_OutString)
    i.__0sprintf$3                           0x00002568   Section        0  printf3.o(i.__0sprintf$3)
    i.__ARM_fpclassify                       0x00002590   Section        0  fpclassify.o(i.__ARM_fpclassify)
    i.__aeabi_errno_addr                     0x000025b8   Section        0  errno.o(i.__aeabi_errno_addr)
    i.__ieee754_rem_pio2                     0x000025c0   Section        0  rred.o(i.__ieee754_rem_pio2)
    i.__kernel_cos                           0x00002948   Section        0  cos_i.o(i.__kernel_cos)
    i.__kernel_poly                          0x00002a44   Section        0  poly.o(i.__kernel_poly)
    i.__kernel_sin                           0x00002af0   Section        0  sin_i.o(i.__kernel_sin)
    i.__mathlib_dbl_underflow                0x00002bdc   Section        0  dunder.o(i.__mathlib_dbl_underflow)
    i.__scatterload_copy                     0x00002bec   Section       14  handlers.o(i.__scatterload_copy)
    i.__scatterload_null                     0x00002bfa   Section        2  handlers.o(i.__scatterload_null)
    i.__scatterload_zeroinit                 0x00002bfc   Section       14  handlers.o(i.__scatterload_zeroinit)
    i.__set_errno                            0x00002c0c   Section        0  errno.o(i.__set_errno)
    i._printf_core                           0x00002c18   Section        0  printf3.o(i._printf_core)
    _printf_core                             0x00002c19   Thumb Code   436  printf3.o(i._printf_core)
    i._sputc                                 0x00002dd0   Section        0  printf3.o(i._sputc)
    _sputc                                   0x00002dd1   Thumb Code    10  printf3.o(i._sputc)
    i.abs1                                   0x00002dda   Section        0  fixed.o(i.abs1)
    i.calculateEndingPoint                   0x00002de8   Section        0  clock.o(i.calculateEndingPoint)
    i.calculateHourHandPosition              0x00002eec   Section        0  clock.o(i.calculateHourHandPosition)
    i.calculateMinuteHandPosition            0x00002f20   Section        0  clock.o(i.calculateMinuteHandPosition)
    i.changeHeaterState                      0x00002f54   Section        0  blynk.o(i.changeHeaterState)
    i.changeLightState                       0x00002f7c   Section        0  blynk.o(i.changeLightState)
    i.changeWaterState                       0x00002fa4   Section        0  blynk.o(i.changeWaterState)
    i.clockMode                              0x00002fcc   Section        0  clock.o(i.clockMode)
    i.commandList                            0x00003188   Section        0  st7735.o(i.commandList)
    commandList                              0x00003189   Thumb Code    86  st7735.o(i.commandList)
    i.commonInit                             0x000031e0   Section        0  st7735.o(i.commonInit)
    commonInit                               0x000031e1   Thumb Code   340  st7735.o(i.commonInit)
    i.copyHardwareToSoftware                 0x00003364   Section        0  uart.o(i.copyHardwareToSoftware)
    copyHardwareToSoftware                   0x00003365   Thumb Code    36  uart.o(i.copyHardwareToSoftware)
    i.copyHardwareToSoftware5                0x0000338c   Section        0  esp8266.o(i.copyHardwareToSoftware5)
    copyHardwareToSoftware5                  0x0000338d   Thumb Code    36  esp8266.o(i.copyHardwareToSoftware5)
    i.copySoftwareToHardware                 0x000033b4   Section        0  uart.o(i.copySoftwareToHardware)
    copySoftwareToHardware                   0x000033b5   Thumb Code    38  uart.o(i.copySoftwareToHardware)
    i.copySoftwareToHardware5                0x000033e0   Section        0  esp8266.o(i.copySoftwareToHardware5)
    copySoftwareToHardware5                  0x000033e1   Thumb Code    38  esp8266.o(i.copySoftwareToHardware5)
    i.cos                                    0x0000340c   Section        0  cos.o(i.cos)
    i.deselect                               0x000034b8   Section        0  st7735.o(i.deselect)
    deselect                                 0x000034b9   Thumb Code    24  st7735.o(i.deselect)
    i.disableAlarm                           0x000034d4   Section        0  clock.o(i.disableAlarm)
    i.displayClockHands                      0x000034f0   Section        0  clock.o(i.displayClockHands)
    i.displayCurrentTime                     0x0000354c   Section        0  clock.o(i.displayCurrentTime)
    i.enableAlarm                            0x00003684   Section        0  clock.o(i.enableAlarm)
    i.getMode                                0x00003690   Section        0  clock.o(i.getMode)
    i.getSensor                              0x0000369c   Section        0  clock.o(i.getSensor)
    i.graphSensorsMode                       0x000036a8   Section        0  clock.o(i.graphSensorsMode)
    i.initActuators                          0x0000380c   Section        0  blynk.o(i.initActuators)
    i.initClock                              0x00003884   Section        0  clock.o(i.initClock)
    i.initSensors                            0x000038b8   Section        0  blynk.o(i.initSensors)
    i.main                                   0x000038c0   Section        0  blynk.o(i.main)
    i.masterMain                             0x000038fc   Section        0  blynk.o(i.masterMain)
    i.printAlarmStatus                       0x0000399c   Section        0  clock.o(i.printAlarmStatus)
    i.printModeTitle                         0x000039b8   Section        0  clock.o(i.printModeTitle)
    i.pushColor                              0x000039cc   Section        0  st7735.o(i.pushColor)
    pushColor                                0x000039cd   Thumb Code    18  st7735.o(i.pushColor)
    i.putData                                0x000039e0   Section        0  clock.o(i.putData)
    i.setAddrWindow                          0x000039fc   Section        0  st7735.o(i.setAddrWindow)
    setAddrWindow                            0x000039fd   Thumb Code   106  st7735.o(i.setAddrWindow)
    i.setAlarmMode                           0x00003a70   Section        0  clock.o(i.setAlarmMode)
    i.setHour                                0x00003b74   Section        0  clock.o(i.setHour)
    i.setMinute                              0x00003b94   Section        0  clock.o(i.setMinute)
    i.setMode                                0x00003bb4   Section        0  clock.o(i.setMode)
    i.setOffAlarm                            0x00003bdc   Section        0  clock.o(i.setOffAlarm)
    i.setSecond                              0x00003bf8   Section        0  clock.o(i.setSecond)
    i.setSensor                              0x00003c18   Section        0  clock.o(i.setSensor)
    i.sin                                    0x00003c38   Section        0  sin.o(i.sin)
    i.swapMerridian                          0x00003ce8   Section        0  clock.o(i.swapMerridian)
    i.toggleMerridian                        0x00003d18   Section        0  clock.o(i.toggleMerridian)
    i.updateTime                             0x00003d5c   Section        0  clock.o(i.updateTime)
    i.writecommand                           0x00003ddc   Section        0  st7735.o(i.writecommand)
    writecommand                             0x00003ddd   Thumb Code    46  st7735.o(i.writecommand)
    i.writedata                              0x00003e14   Section        0  st7735.o(i.writedata)
    writedata                                0x00003e15   Thumb Code    24  st7735.o(i.writedata)
    .constdata                               0x00003e34   Section     2114  st7735.o(.constdata)
    Font                                     0x00003e34   Data        1275  st7735.o(.constdata)
    Bcmd                                     0x0000432f   Data         103  st7735.o(.constdata)
    Rcmd1                                    0x00004396   Data          59  st7735.o(.constdata)
    Rcmd2green                               0x000043d1   Data          13  st7735.o(.constdata)
    Rcmd2red                                 0x000043de   Data          13  st7735.o(.constdata)
    Rcmd3                                    0x000043eb   Data          43  st7735.o(.constdata)
    .constdata                               0x00004678   Section     8200  clock.o(.constdata)
    .constdata                               0x00006680   Section       48  cos_i.o(.constdata)
    C                                        0x00006680   Data          48  cos_i.o(.constdata)
    .constdata                               0x000066b0   Section      200  rred.o(.constdata)
    pio2s                                    0x000066b0   Data          48  rred.o(.constdata)
    twooverpi                                0x000066e0   Data         152  rred.o(.constdata)
    .constdata                               0x00006778   Section       40  sin_i.o(.constdata)
    S                                        0x00006778   Data          40  sin_i.o(.constdata)
    .constdata                               0x000067a0   Section      129  ctype_o.o(.constdata)
    .constdata                               0x00006824   Section        4  ctype_o.o(.constdata)
    table                                    0x00006824   Data           4  ctype_o.o(.constdata)
    .data                                    0x20000000   Section       16  uart.o(.data)
    .data                                    0x20000010   Section       68  blynk.o(.data)
    alarmIsArmed                             0x20000010   Data           4  blynk.o(.data)
    alarmVolume                              0x20000014   Data           4  blynk.o(.data)
    num                                      0x20000040   Data           4  blynk.o(.data)
    .data                                    0x20000054   Section       44  st7735.o(.data)
    _width                                   0x2000005e   Data           2  st7735.o(.data)
    _height                                  0x20000060   Data           2  st7735.o(.data)
    ColStart                                 0x20000068   Data           1  st7735.o(.data)
    RowStart                                 0x20000069   Data           1  st7735.o(.data)
    Rotation                                 0x2000006a   Data           1  st7735.o(.data)
    TabColor                                 0x2000006b   Data           1  st7735.o(.data)
    .data                                    0x20000080   Section      148  esp8266.o(.data)
    .data                                    0x20000114   Section      136  clock.o(.data)
    alarmIsArmed                             0x20000114   Data           4  clock.o(.data)
    alarmVolume                              0x20000118   Data           4  clock.o(.data)
    .data                                    0x2000019c   Section       16  timer.o(.data)
    .data                                    0x200001ac   Section        4  strtok.o(.data)
    state                                    0x200001ac   Data           4  strtok.o(.data)
    .data                                    0x200001b0   Section        4  errno.o(.data)
    _errno                                   0x200001b0   Data           4  errno.o(.data)
    .bss                                     0x200001b4   Section      128  uart.o(.bss)
    RxFifo                                   0x200001b4   Data          64  uart.o(.bss)
    TxFifo                                   0x200001f4   Data          64  uart.o(.bss)
    .bss                                     0x20000234   Section       64  blynk.o(.bss)
    .bss                                     0x20000274   Section      832  esp8266.o(.bss)
    Tx5Fifo                                  0x200004b4   Data         256  esp8266.o(.bss)
    .bss                                     0x200005b4   Section    16468  clock.o(.bss)
    STACK                                    0x20004608   Section     1024  startup.o(STACK)
    StackMem                                 0x20004608   Data           0  startup.o(STACK)

    Global Symbols

    Symbol Name                              Value     Ov Type        Size  Object(Section)

    BuildAttributes$$THM_ISAv4$E$P$D$K$B$S$7EM$PE$A:L22UL41UL21$X:L11$S22US41US21$IEEE1$IW$USESV6$~STKCKD$USESV7$~SHL$OTIME$ROPI$IEEEX$EBA8$MICROLIB$REQ8$PRES8$EABIv2 0x00000000   Number         0  anon$$obj.o ABSOLUTE
    __ARM_use_no_argv                        0x00000000   Number         0  blynk.o ABSOLUTE
    __Vectors                                0x00000000   Data           0  startup.o(RESET)
    _printf_a                                0x00000000   Number         0  stubs.o ABSOLUTE
    _printf_c                                0x00000000   Number         0  stubs.o ABSOLUTE
    _printf_charcount                        0x00000000   Number         0  stubs.o ABSOLUTE
    _printf_d                                0x00000000   Number         0  stubs.o ABSOLUTE
    _printf_e                                0x00000000   Number         0  stubs.o ABSOLUTE
    _printf_f                                0x00000000   Number         0  stubs.o ABSOLUTE
    _printf_flags                            0x00000000   Number         0  stubs.o ABSOLUTE
    _printf_fp_dec                           0x00000000   Number         0  stubs.o ABSOLUTE
    _printf_fp_hex                           0x00000000   Number         0  stubs.o ABSOLUTE
    _printf_g                                0x00000000   Number         0  stubs.o ABSOLUTE
    _printf_i                                0x00000000   Number         0  stubs.o ABSOLUTE
    _printf_int_dec                          0x00000000   Number         0  stubs.o ABSOLUTE
    _printf_l                                0x00000000   Number         0  stubs.o ABSOLUTE
    _printf_lc                               0x00000000   Number         0  stubs.o ABSOLUTE
    _printf_ll                               0x00000000   Number         0  stubs.o ABSOLUTE
    _printf_lld                              0x00000000   Number         0  stubs.o ABSOLUTE
    _printf_lli                              0x00000000   Number         0  stubs.o ABSOLUTE
    _printf_llo                              0x00000000   Number         0  stubs.o ABSOLUTE
    _printf_llu                              0x00000000   Number         0  stubs.o ABSOLUTE
    _printf_llx                              0x00000000   Number         0  stubs.o ABSOLUTE
    _printf_longlong_dec                     0x00000000   Number         0  stubs.o ABSOLUTE
    _printf_longlong_hex                     0x00000000   Number         0  stubs.o ABSOLUTE
    _printf_longlong_oct                     0x00000000   Number         0  stubs.o ABSOLUTE
    _printf_ls                               0x00000000   Number         0  stubs.o ABSOLUTE
    _printf_mbtowc                           0x00000000   Number         0  stubs.o ABSOLUTE
    _printf_n                                0x00000000   Number         0  stubs.o ABSOLUTE
    _printf_o                                0x00000000   Number         0  stubs.o ABSOLUTE
    _printf_p                                0x00000000   Number         0  stubs.o ABSOLUTE
    _printf_percent                          0x00000000   Number         0  stubs.o ABSOLUTE
    _printf_pre_padding                      0x00000000   Number         0  stubs.o ABSOLUTE
    _printf_return_value                     0x00000000   Number         0  stubs.o ABSOLUTE
    _printf_s                                0x00000000   Number         0  stubs.o ABSOLUTE
    _printf_sizespec                         0x00000000   Number         0  stubs.o ABSOLUTE
    _printf_str                              0x00000000   Number         0  stubs.o ABSOLUTE
    _printf_truncate_signed                  0x00000000   Number         0  stubs.o ABSOLUTE
    _printf_truncate_unsigned                0x00000000   Number         0  stubs.o ABSOLUTE
    _printf_u                                0x00000000   Number         0  stubs.o ABSOLUTE
    _printf_wc                               0x00000000   Number         0  stubs.o ABSOLUTE
    _printf_wctomb                           0x00000000   Number         0  stubs.o ABSOLUTE
    _printf_widthprec                        0x00000000   Number         0  stubs.o ABSOLUTE
    _printf_x                                0x00000000   Number         0  stubs.o ABSOLUTE
    __cpp_initialize__aeabi_                  - Undefined Weak Reference
    __cxa_finalize                            - Undefined Weak Reference
    _clock_init                               - Undefined Weak Reference
    _microlib_exit                            - Undefined Weak Reference
    Reset_Handler                            0x0000026d   Thumb Code     0  startup.o(RESET)
    NMI_Handler                              0x00000271   Thumb Code     2  startup.o(RESET)
    HardFault_Handler                        0x00000273   Thumb Code     2  startup.o(RESET)
    MemManage_Handler                        0x00000275   Thumb Code     2  startup.o(RESET)
    BusFault_Handler                         0x00000277   Thumb Code     2  startup.o(RESET)
    UsageFault_Handler                       0x00000279   Thumb Code     2  startup.o(RESET)
    SVC_Handler                              0x0000027b   Thumb Code     2  startup.o(RESET)
    DebugMon_Handler                         0x0000027d   Thumb Code     2  startup.o(RESET)
    PendSV_Handler                           0x0000027f   Thumb Code     2  startup.o(RESET)
    ADC0Seq0_Handler                         0x00000283   Thumb Code     0  startup.o(RESET)
    ADC0Seq1_Handler                         0x00000283   Thumb Code     0  startup.o(RESET)
    ADC0Seq2_Handler                         0x00000283   Thumb Code     0  startup.o(RESET)
    ADC0Seq3_Handler                         0x00000283   Thumb Code     0  startup.o(RESET)
    ADC1Seq0_Handler                         0x00000283   Thumb Code     0  startup.o(RESET)
    ADC1Seq1_Handler                         0x00000283   Thumb Code     0  startup.o(RESET)
    ADC1Seq2_Handler                         0x00000283   Thumb Code     0  startup.o(RESET)
    ADC1Seq3_Handler                         0x00000283   Thumb Code     0  startup.o(RESET)
    CAN0_Handler                             0x00000283   Thumb Code     0  startup.o(RESET)
    CAN1_Handler                             0x00000283   Thumb Code     0  startup.o(RESET)
    CAN2_Handler                             0x00000283   Thumb Code     0  startup.o(RESET)
    Comp0_Handler                            0x00000283   Thumb Code     0  startup.o(RESET)
    Comp1_Handler                            0x00000283   Thumb Code     0  startup.o(RESET)
    Comp2_Handler                            0x00000283   Thumb Code     0  startup.o(RESET)
    Ethernet_Handler                         0x00000283   Thumb Code     0  startup.o(RESET)
    ExtBus_Handler                           0x00000283   Thumb Code     0  startup.o(RESET)
    FPU_Handler                              0x00000283   Thumb Code     0  startup.o(RESET)
    Fan0_Handler                             0x00000283   Thumb Code     0  startup.o(RESET)
    FlashCtl_Handler                         0x00000283   Thumb Code     0  startup.o(RESET)
    GPIOPortA_Handler                        0x00000283   Thumb Code     0  startup.o(RESET)
    GPIOPortB_Handler                        0x00000283   Thumb Code     0  startup.o(RESET)
    GPIOPortC_Handler                        0x00000283   Thumb Code     0  startup.o(RESET)
    GPIOPortD_Handler                        0x00000283   Thumb Code     0  startup.o(RESET)
    GPIOPortE_Handler                        0x00000283   Thumb Code     0  startup.o(RESET)
    GPIOPortF_Handler                        0x00000283   Thumb Code     0  startup.o(RESET)
    GPIOPortG_Handler                        0x00000283   Thumb Code     0  startup.o(RESET)
    GPIOPortH_Handler                        0x00000283   Thumb Code     0  startup.o(RESET)
    GPIOPortJ_Handler                        0x00000283   Thumb Code     0  startup.o(RESET)
    GPIOPortK_Handler                        0x00000283   Thumb Code     0  startup.o(RESET)
    GPIOPortL_Handler                        0x00000283   Thumb Code     0  startup.o(RESET)
    GPIOPortM_Handler                        0x00000283   Thumb Code     0  startup.o(RESET)
    GPIOPortN_Handler                        0x00000283   Thumb Code     0  startup.o(RESET)
    GPIOPortP1_Handler                       0x00000283   Thumb Code     0  startup.o(RESET)
    GPIOPortP2_Handler                       0x00000283   Thumb Code     0  startup.o(RESET)
    GPIOPortP3_Handler                       0x00000283   Thumb Code     0  startup.o(RESET)
    GPIOPortP4_Handler                       0x00000283   Thumb Code     0  startup.o(RESET)
    GPIOPortP5_Handler                       0x00000283   Thumb Code     0  startup.o(RESET)
    GPIOPortP6_Handler                       0x00000283   Thumb Code     0  startup.o(RESET)
    GPIOPortP7_Handler                       0x00000283   Thumb Code     0  startup.o(RESET)
    GPIOPortP_Handler                        0x00000283   Thumb Code     0  startup.o(RESET)
    GPIOPortQ1_Handler                       0x00000283   Thumb Code     0  startup.o(RESET)
    GPIOPortQ2_Handler                       0x00000283   Thumb Code     0  startup.o(RESET)
    GPIOPortQ3_Handler                       0x00000283   Thumb Code     0  startup.o(RESET)
    GPIOPortQ4_Handler                       0x00000283   Thumb Code     0  startup.o(RESET)
    GPIOPortQ5_Handler                       0x00000283   Thumb Code     0  startup.o(RESET)
    GPIOPortQ6_Handler                       0x00000283   Thumb Code     0  startup.o(RESET)
    GPIOPortQ7_Handler                       0x00000283   Thumb Code     0  startup.o(RESET)
    GPIOPortQ_Handler                        0x00000283   Thumb Code     0  startup.o(RESET)
    GPIOPortR_Handler                        0x00000283   Thumb Code     0  startup.o(RESET)
    GPIOPortS_Handler                        0x00000283   Thumb Code     0  startup.o(RESET)
    Hibernate_Handler                        0x00000283   Thumb Code     0  startup.o(RESET)
    I2C0_Handler                             0x00000283   Thumb Code     0  startup.o(RESET)
    I2C1_Handler                             0x00000283   Thumb Code     0  startup.o(RESET)
    I2C2_Handler                             0x00000283   Thumb Code     0  startup.o(RESET)
    I2C3_Handler                             0x00000283   Thumb Code     0  startup.o(RESET)
    I2C4_Handler                             0x00000283   Thumb Code     0  startup.o(RESET)
    I2C5_Handler                             0x00000283   Thumb Code     0  startup.o(RESET)
    I2S0_Handler                             0x00000283   Thumb Code     0  startup.o(RESET)
    LPC0_Handler                             0x00000283   Thumb Code     0  startup.o(RESET)
    PECI0_Handler                            0x00000283   Thumb Code     0  startup.o(RESET)
    PWM0Fault_Handler                        0x00000283   Thumb Code     0  startup.o(RESET)
    PWM0Generator0_Handler                   0x00000283   Thumb Code     0  startup.o(RESET)
    PWM0Generator1_Handler                   0x00000283   Thumb Code     0  startup.o(RESET)
    PWM0Generator2_Handler                   0x00000283   Thumb Code     0  startup.o(RESET)
    PWM0Generator3_Handler                   0x00000283   Thumb Code     0  startup.o(RESET)
    PWM1Fault_Handler                        0x00000283   Thumb Code     0  startup.o(RESET)
    PWM1Generator0_Handler                   0x00000283   Thumb Code     0  startup.o(RESET)
    PWM1Generator1_Handler                   0x00000283   Thumb Code     0  startup.o(RESET)
    PWM1Generator2_Handler                   0x00000283   Thumb Code     0  startup.o(RESET)
    PWM1Generator3_Handler                   0x00000283   Thumb Code     0  startup.o(RESET)
    Quadrature0_Handler                      0x00000283   Thumb Code     0  startup.o(RESET)
    Quadrature1_Handler                      0x00000283   Thumb Code     0  startup.o(RESET)
    Quadrature2_Handler                      0x00000283   Thumb Code     0  startup.o(RESET)
    SSI0_Handler                             0x00000283   Thumb Code     0  startup.o(RESET)
    SSI1_Handler                             0x00000283   Thumb Code     0  startup.o(RESET)
    SSI2_Handler                             0x00000283   Thumb Code     0  startup.o(RESET)
    SSI3_Handler                             0x00000283   Thumb Code     0  startup.o(RESET)
    SysCtl_Handler                           0x00000283   Thumb Code     0  startup.o(RESET)
    Timer0B_Handler                          0x00000283   Thumb Code     0  startup.o(RESET)
    Timer1B_Handler                          0x00000283   Thumb Code     0  startup.o(RESET)
    Timer2B_Handler                          0x00000283   Thumb Code     0  startup.o(RESET)
    Timer3B_Handler                          0x00000283   Thumb Code     0  startup.o(RESET)
    Timer4A_Handler                          0x00000283   Thumb Code     0  startup.o(RESET)
    Timer4B_Handler                          0x00000283   Thumb Code     0  startup.o(RESET)
    Timer5A_Handler                          0x00000283   Thumb Code     0  startup.o(RESET)
    Timer5B_Handler                          0x00000283   Thumb Code     0  startup.o(RESET)
    UART1_Handler                            0x00000283   Thumb Code     0  startup.o(RESET)
    UART2_Handler                            0x00000283   Thumb Code     0  startup.o(RESET)
    UART3_Handler                            0x00000283   Thumb Code     0  startup.o(RESET)
    UART4_Handler                            0x00000283   Thumb Code     0  startup.o(RESET)
    UART6_Handler                            0x00000283   Thumb Code     0  startup.o(RESET)
    UART7_Handler                            0x00000283   Thumb Code     0  startup.o(RESET)
    USB0_Handler                             0x00000283   Thumb Code     0  startup.o(RESET)
    WDT_Handler                              0x00000283   Thumb Code     0  startup.o(RESET)
    WideTimer0A_Handler                      0x00000283   Thumb Code     0  startup.o(RESET)
    WideTimer0B_Handler                      0x00000283   Thumb Code     0  startup.o(RESET)
    WideTimer1A_Handler                      0x00000283   Thumb Code     0  startup.o(RESET)
    WideTimer1B_Handler                      0x00000283   Thumb Code     0  startup.o(RESET)
    WideTimer2A_Handler                      0x00000283   Thumb Code     0  startup.o(RESET)
    WideTimer2B_Handler                      0x00000283   Thumb Code     0  startup.o(RESET)
    WideTimer3A_Handler                      0x00000283   Thumb Code     0  startup.o(RESET)
    WideTimer3B_Handler                      0x00000283   Thumb Code     0  startup.o(RESET)
    WideTimer4A_Handler                      0x00000283   Thumb Code     0  startup.o(RESET)
    WideTimer4B_Handler                      0x00000283   Thumb Code     0  startup.o(RESET)
    WideTimer5A_Handler                      0x00000283   Thumb Code     0  startup.o(RESET)
    WideTimer5B_Handler                      0x00000283   Thumb Code     0  startup.o(RESET)
    uDMA_Error                               0x00000283   Thumb Code     0  startup.o(RESET)
    uDMA_Handler                             0x00000283   Thumb Code     0  startup.o(RESET)
    __main                                   0x00000285   Thumb Code     0  entry.o(.ARM.Collect$$$$00000000)
    _main_stk                                0x00000285   Thumb Code     0  entry2.o(.ARM.Collect$$$$00000001)
    _main_scatterload                        0x00000289   Thumb Code     0  entry5.o(.ARM.Collect$$$$00000004)
    __main_after_scatterload                 0x0000028d   Thumb Code     0  entry5.o(.ARM.Collect$$$$00000004)
    _main_clock                              0x0000028d   Thumb Code     0  entry7b.o(.ARM.Collect$$$$00000008)
    _main_cpp_init                           0x0000028d   Thumb Code     0  entry8b.o(.ARM.Collect$$$$0000000A)
    _main_init                               0x0000028d   Thumb Code     0  entry9a.o(.ARM.Collect$$$$0000000B)
    __rt_final_cpp                           0x00000295   Thumb Code     0  entry10a.o(.ARM.Collect$$$$0000000D)
    __rt_final_exit                          0x00000295   Thumb Code     0  entry11a.o(.ARM.Collect$$$$0000000F)
    DisableInterrupts                        0x00000299   Thumb Code     0  startup.o(.text)
    EnableInterrupts                         0x0000029d   Thumb Code     0  startup.o(.text)
    StartCritical                            0x000002a1   Thumb Code     0  startup.o(.text)
    EndCritical                              0x000002a9   Thumb Code     0  startup.o(.text)
    WaitForInterrupt                         0x000002af   Thumb Code     0  startup.o(.text)
    strcpy                                   0x000002b5   Thumb Code    18  strcpy.o(.text)
    strtok                                   0x000002c9   Thumb Code    62  strtok.o(.text)
    atoi                                     0x0000030d   Thumb Code    26  atoi.o(.text)
    __aeabi_dadd                             0x00000327   Thumb Code   322  dadd.o(.text)
    __aeabi_dsub                             0x00000469   Thumb Code     6  dadd.o(.text)
    __aeabi_drsub                            0x0000046f   Thumb Code     6  dadd.o(.text)
    __aeabi_dmul                             0x00000475   Thumb Code   228  dmul.o(.text)
    __aeabi_ddiv                             0x00000559   Thumb Code   222  ddiv.o(.text)
    __aeabi_i2d                              0x00000637   Thumb Code    34  dflti.o(.text)
    __aeabi_d2iz                             0x00000659   Thumb Code    62  dfixi.o(.text)
    __aeabi_f2d                              0x00000697   Thumb Code    38  f2d.o(.text)
    __aeabi_d2f                              0x000006bd   Thumb Code    56  d2f.o(.text)
    __aeabi_uidiv                            0x000006f5   Thumb Code     0  uidiv.o(.text)
    __aeabi_uidivmod                         0x000006f5   Thumb Code    44  uidiv.o(.text)
    __aeabi_llsl                             0x00000721   Thumb Code    30  llshl.o(.text)
    _ll_shift_l                              0x00000721   Thumb Code     0  llshl.o(.text)
    __aeabi_llsr                             0x0000073f   Thumb Code    32  llushr.o(.text)
    _ll_ushift_r                             0x0000073f   Thumb Code     0  llushr.o(.text)
    __aeabi_lasr                             0x0000075f   Thumb Code    36  llsshr.o(.text)
    _ll_sshift_r                             0x0000075f   Thumb Code     0  llsshr.o(.text)
    strtol                                   0x00000783   Thumb Code   112  strtol.o(.text)
    __I$use$fp                               0x000007f3   Thumb Code     0  iusefp.o(.text)
    _float_round                             0x000007f3   Thumb Code    18  fepilogue.o(.text)
    _float_epilogue                          0x00000805   Thumb Code    90  fepilogue.o(.text)
    _double_round                            0x0000085f   Thumb Code    26  depilogue.o(.text)
    _double_epilogue                         0x00000879   Thumb Code   164  depilogue.o(.text)
    __ARM_scalbn                             0x0000091d   Thumb Code    46  dscalb.o(.text)
    scalbn                                   0x0000091d   Thumb Code     0  dscalb.o(.text)
    __scatterload                            0x0000094d   Thumb Code    28  init.o(.text)
    __scatterload_rt2                        0x0000094d   Thumb Code     0  init.o(.text)
    __rt_ctype_table                         0x00000971   Thumb Code     4  ctype_o.o(.text)
    _strtoul                                 0x00000979   Thumb Code   158  _strtoul.o(.text)
    __aeabi_ui2d                             0x00000a17   Thumb Code    26  dfltui.o(.text)
    _chval                                   0x00000a31   Thumb Code    28  _chval.o(.text)
    __decompress                             0x00000a4d   Thumb Code     0  __dczerorl2.o(.text)
    __decompress1                            0x00000a4d   Thumb Code    92  __dczerorl2.o(.text)
    ADC0_InitSWTriggerSeq3_Ch9               0x00000aa9   Thumb Code   206  adcswtrigger.o(i.ADC0_InitSWTriggerSeq3_Ch9)
    Blynk_to_TM4C                            0x00000b95   Thumb Code   490  blynk.o(i.Blynk_to_TM4C)
    Delay1ms                                 0x00000dc1   Thumb Code    32  st7735.o(i.Delay1ms)
    DelayMs                                  0x00000de1   Thumb Code    32  esp8266.o(i.DelayMs)
    ESP8266_GetMessage                       0x00000e01   Thumb Code    66  esp8266.o(i.ESP8266_GetMessage)
    ESP8266_Init                             0x00000e51   Thumb Code   118  esp8266.o(i.ESP8266_Init)
    ESP8266_OutChar                          0x00000ed9   Thumb Code    46  esp8266.o(i.ESP8266_OutChar)
    ESP8266_OutString                        0x00000f0d   Thumb Code    24  esp8266.o(i.ESP8266_OutString)
    ESP8266_OutUDec                          0x00000f25   Thumb Code    42  esp8266.o(i.ESP8266_OutUDec)
    ESP8266_Reset                            0x00000f51   Thumb Code    68  esp8266.o(i.ESP8266_Reset)
    ESP8266_SetupWiFi                        0x00001049   Thumb Code   260  esp8266.o(i.ESP8266_SetupWiFi)
    Output_Color                             0x00001261   Thumb Code    12  st7735.o(i.Output_Color)
    Output_Init                              0x0000126d   Thumb Code    16  st7735.o(i.Output_Init)
    PLL_Init                                 0x0000127d   Thumb Code   118  pll.o(i.PLL_Init)
    PWM0A_Init                               0x000012f9   Thumb Code   158  pwm.o(i.PWM0A_Init)
    PWM0B_Duty                               0x000013b1   Thumb Code     8  pwm.o(i.PWM0B_Duty)
    PWM0B_Init                               0x000013bd   Thumb Code   168  pwm.o(i.PWM0B_Init)
    PortF_Init                               0x00001479   Thumb Code    72  portf.o(i.PortF_Init)
    PortF_Input                              0x000014d1   Thumb Code    10  portf.o(i.PortF_Input)
    PortF_Output                             0x000014e1   Thumb Code    60  portf.o(i.PortF_Output)
    Rx5Fifo_Init                             0x00001525   Thumb Code    30  esp8266.o(i.Rx5Fifo_Init)
    Rx5Fifo_Put                              0x00001551   Thumb Code   192  esp8266.o(i.Rx5Fifo_Put)
    Rx5Fifo_Size                             0x00001621   Thumb Code    12  esp8266.o(i.Rx5Fifo_Size)
    RxFifo_Init                              0x00001635   Thumb Code    26  uart.o(i.RxFifo_Init)
    RxFifo_Put                               0x00001659   Thumb Code    48  uart.o(i.RxFifo_Put)
    RxFifo_Size                              0x00001695   Thumb Code    12  uart.o(i.RxFifo_Size)
    ST7735_Color565                          0x000016a9   Thumb Code    24  st7735.o(i.ST7735_Color565)
    ST7735_DrawBitmap                        0x000016c1   Thumb Code   284  st7735.o(i.ST7735_DrawBitmap)
    ST7735_DrawCharS                         0x000017e5   Thumb Code   232  st7735.o(i.ST7735_DrawCharS)
    ST7735_DrawFastVLine                     0x000018d9   Thumb Code   120  st7735.o(i.ST7735_DrawFastVLine)
    ST7735_DrawPixel                         0x00001959   Thumb Code    68  st7735.o(i.ST7735_DrawPixel)
    ST7735_DrawString                        0x000019a5   Thumb Code    86  st7735.o(i.ST7735_DrawString)
    ST7735_FillRect                          0x000019fd   Thumb Code   168  st7735.o(i.ST7735_FillRect)
    ST7735_FillScreen                        0x00001aad   Thumb Code    28  st7735.o(i.ST7735_FillScreen)
    ST7735_InitR                             0x00001ad1   Thumb Code    90  st7735.o(i.ST7735_InitR)
    ST7735_Line                              0x00001b4d   Thumb Code   172  fixed.o(i.ST7735_Line)
    ST7735_OutChar                           0x00001bf9   Thumb Code   178  st7735.o(i.ST7735_OutChar)
    ST7735_OutString                         0x00001cd1   Thumb Code    24  st7735.o(i.ST7735_OutString)
    ST7735_PlotBar                           0x00001ce9   Thumb Code    72  st7735.o(i.ST7735_PlotBar)
    ST7735_PlotClear                         0x00001d41   Thumb Code    74  st7735.o(i.ST7735_PlotClear)
    ST7735_PlotNext                          0x00001d9d   Thumb Code    28  st7735.o(i.ST7735_PlotNext)
    ST7735_SetCursor                         0x00001dbd   Thumb Code    22  st7735.o(i.ST7735_SetCursor)
    ST7735_SetTextColor                      0x00001ddd   Thumb Code     6  st7735.o(i.ST7735_SetTextColor)
    SendInformation                          0x00001de9   Thumb Code   326  blynk.o(i.SendInformation)
    SysTick_Handler                          0x00001f45   Thumb Code    26  systick.o(i.SysTick_Handler)
    SysTick_Init                             0x00001f69   Thumb Code    44  systick.o(i.SysTick_Init)
    TM4C_to_Blynk                            0x00001f9d   Thumb Code    50  blynk.o(i.TM4C_to_Blynk)
    Timer0A_Handler                          0x00001fd9   Thumb Code    16  timer.o(i.Timer0A_Handler)
    Timer0_Init                              0x00001ff1   Thumb Code    94  timer.o(i.Timer0_Init)
    Timer1A_Handler                          0x00002065   Thumb Code    16  timer.o(i.Timer1A_Handler)
    Timer2A_Handler                          0x0000207d   Thumb Code    16  timer.o(i.Timer2A_Handler)
    Timer2_Init                              0x00002095   Thumb Code    76  timer.o(i.Timer2_Init)
    Timer3A_Handler                          0x000020f5   Thumb Code    16  timer.o(i.Timer3A_Handler)
    Timer3_Init                              0x0000210d   Thumb Code    74  timer.o(i.Timer3_Init)
    Tx5Fifo_Get                              0x0000216d   Thumb Code    44  esp8266.o(i.Tx5Fifo_Get)
    Tx5Fifo_Init                             0x000021a5   Thumb Code    26  esp8266.o(i.Tx5Fifo_Init)
    Tx5Fifo_Put                              0x000021c9   Thumb Code    46  esp8266.o(i.Tx5Fifo_Put)
    Tx5Fifo_Size                             0x00002205   Thumb Code    12  esp8266.o(i.Tx5Fifo_Size)
    TxFifo_Get                               0x00002219   Thumb Code    46  uart.o(i.TxFifo_Get)
    TxFifo_Init                              0x00002255   Thumb Code    26  uart.o(i.TxFifo_Init)
    TxFifo_Put                               0x00002279   Thumb Code    48  uart.o(i.TxFifo_Put)
    TxFifo_Size                              0x000022b5   Thumb Code    12  uart.o(i.TxFifo_Size)
    UART0_Handler                            0x000022c9   Thumb Code    82  uart.o(i.UART0_Handler)
    UART5_Handler                            0x00002321   Thumb Code    82  esp8266.o(i.UART5_Handler)
    UART5_Init                               0x00002379   Thumb Code   190  esp8266.o(i.UART5_Init)
    UART_Init                                0x00002451   Thumb Code   180  uart.o(i.UART_Init)
    UART_OutChar                             0x0000251d   Thumb Code    46  uart.o(i.UART_OutChar)
    UART_OutString                           0x00002551   Thumb Code    24  uart.o(i.UART_OutString)
    __0sprintf$3                             0x00002569   Thumb Code    34  printf3.o(i.__0sprintf$3)
    __1sprintf$3                             0x00002569   Thumb Code     0  printf3.o(i.__0sprintf$3)
    __2sprintf                               0x00002569   Thumb Code     0  printf3.o(i.__0sprintf$3)
    __ARM_fpclassify                         0x00002591   Thumb Code    40  fpclassify.o(i.__ARM_fpclassify)
    __aeabi_errno_addr                       0x000025b9   Thumb Code     4  errno.o(i.__aeabi_errno_addr)
    __rt_errno_addr                          0x000025b9   Thumb Code     0  errno.o(i.__aeabi_errno_addr)
    __ieee754_rem_pio2                       0x000025c1   Thumb Code   832  rred.o(i.__ieee754_rem_pio2)
    __kernel_cos                             0x00002949   Thumb Code   230  cos_i.o(i.__kernel_cos)
    __kernel_poly                            0x00002a45   Thumb Code   170  poly.o(i.__kernel_poly)
    __kernel_sin                             0x00002af1   Thumb Code   224  sin_i.o(i.__kernel_sin)
    __mathlib_dbl_underflow                  0x00002bdd   Thumb Code    10  dunder.o(i.__mathlib_dbl_underflow)
    __scatterload_copy                       0x00002bed   Thumb Code    14  handlers.o(i.__scatterload_copy)
    __scatterload_null                       0x00002bfb   Thumb Code     2  handlers.o(i.__scatterload_null)
    __scatterload_zeroinit                   0x00002bfd   Thumb Code    14  handlers.o(i.__scatterload_zeroinit)
    __set_errno                              0x00002c0d   Thumb Code     6  errno.o(i.__set_errno)
    abs1                                     0x00002ddb   Thumb Code    14  fixed.o(i.abs1)
    calculateEndingPoint                     0x00002de9   Thumb Code   232  clock.o(i.calculateEndingPoint)
    calculateHourHandPosition                0x00002eed   Thumb Code    46  clock.o(i.calculateHourHandPosition)
    calculateMinuteHandPosition              0x00002f21   Thumb Code    46  clock.o(i.calculateMinuteHandPosition)
    changeHeaterState                        0x00002f55   Thumb Code    30  blynk.o(i.changeHeaterState)
    changeLightState                         0x00002f7d   Thumb Code    30  blynk.o(i.changeLightState)
    changeWaterState                         0x00002fa5   Thumb Code    30  blynk.o(i.changeWaterState)
    clockMode                                0x00002fcd   Thumb Code   344  clock.o(i.clockMode)
    cos                                      0x0000340d   Thumb Code   164  cos.o(i.cos)
    disableAlarm                             0x000034d5   Thumb Code    20  clock.o(i.disableAlarm)
    displayClockHands                        0x000034f1   Thumb Code    88  clock.o(i.displayClockHands)
    displayCurrentTime                       0x0000354d   Thumb Code   200  clock.o(i.displayCurrentTime)
    enableAlarm                              0x00003685   Thumb Code     8  clock.o(i.enableAlarm)
    getMode                                  0x00003691   Thumb Code     6  clock.o(i.getMode)
    getSensor                                0x0000369d   Thumb Code     6  clock.o(i.getSensor)
    graphSensorsMode                         0x000036a9   Thumb Code   278  clock.o(i.graphSensorsMode)
    initActuators                            0x0000380d   Thumb Code    96  blynk.o(i.initActuators)
    initClock                                0x00003885   Thumb Code    40  clock.o(i.initClock)
    initSensors                              0x000038b9   Thumb Code     8  blynk.o(i.initSensors)
    main                                     0x000038c1   Thumb Code    56  blynk.o(i.main)
    masterMain                               0x000038fd   Thumb Code   108  blynk.o(i.masterMain)
    printAlarmStatus                         0x0000399d   Thumb Code    28  clock.o(i.printAlarmStatus)
    printModeTitle                           0x000039b9   Thumb Code    20  clock.o(i.printModeTitle)
    putData                                  0x000039e1   Thumb Code    20  clock.o(i.putData)
    setAlarmMode                             0x00003a71   Thumb Code   180  clock.o(i.setAlarmMode)
    setHour                                  0x00003b75   Thumb Code    24  clock.o(i.setHour)
    setMinute                                0x00003b95   Thumb Code    24  clock.o(i.setMinute)
    setMode                                  0x00003bb5   Thumb Code    28  clock.o(i.setMode)
    setOffAlarm                              0x00003bdd   Thumb Code    24  clock.o(i.setOffAlarm)
    setSecond                                0x00003bf9   Thumb Code    24  clock.o(i.setSecond)
    setSensor                                0x00003c19   Thumb Code    24  clock.o(i.setSensor)
    sin                                      0x00003c39   Thumb Code   166  sin.o(i.sin)
    swapMerridian                            0x00003ce9   Thumb Code    36  clock.o(i.swapMerridian)
    toggleMerridian                          0x00003d19   Thumb Code    52  clock.o(i.toggleMerridian)
    updateTime                               0x00003d5d   Thumb Code   106  clock.o(i.updateTime)
    smallCircle                              0x00004416   Data          36  st7735.o(.constdata)
    circle                                   0x0000443a   Data          60  st7735.o(.constdata)
    dBfs                                     0x00004476   Data         512  st7735.o(.constdata)
    clock                                    0x00004678   Data        8192  clock.o(.constdata)
    HOUR_HAND_SIZE                           0x00006678   Data           4  clock.o(.constdata)
    MINUTE_HAND_SIZE                         0x0000667c   Data           4  clock.o(.constdata)
    __ctype_table                            0x000067a0   Data         129  ctype_o.o(.constdata)
    Region$$Table$$Base                      0x00006828   Number         0  anon$$obj.o(Region$$Table)
    Region$$Table$$Limit                     0x00006848   Number         0  anon$$obj.o(Region$$Table)
    RxPutI                                   0x20000000   Data           4  uart.o(.data)
    RxGetI                                   0x20000004   Data           4  uart.o(.data)
    TxPutI                                   0x20000008   Data           4  uart.o(.data)
    TxGetI                                   0x2000000c   Data           4  uart.o(.data)
    Pin_Number                               0x20000018   Data           2  blynk.o(.data)
    Pin_Integer                              0x2000001a   Data           8  blynk.o(.data)
    Pin_Float                                0x20000022   Data           8  blynk.o(.data)
    readingLimit1                            0x2000002c   Data           4  blynk.o(.data)
    readingLimit2                            0x20000030   Data           4  blynk.o(.data)
    readingLimit3                            0x20000034   Data           4  blynk.o(.data)
    editTime                                 0x20000038   Data           4  blynk.o(.data)
    growLightDuty                            0x2000003c   Data           4  blynk.o(.data)
    LED                                      0x20000044   Data           4  blynk.o(.data)
    pin_num                                  0x20000048   Data           4  blynk.o(.data)
    pin_int                                  0x2000004c   Data           4  blynk.o(.data)
    isMaster                                 0x20000050   Data           4  blynk.o(.data)
    StX                                      0x20000054   Data           4  st7735.o(.data)
    StY                                      0x20000058   Data           4  st7735.o(.data)
    StTextColor                              0x2000005c   Data           2  st7735.o(.data)
    lastj                                    0x20000064   Data           4  st7735.o(.data)
    Messageindex                             0x2000006c   Data           4  st7735.o(.data)
    Ymax                                     0x20000070   Data           4  st7735.o(.data)
    Ymin                                     0x20000074   Data           4  st7735.o(.data)
    X                                        0x20000078   Data           4  st7735.o(.data)
    Yrange                                   0x2000007c   Data           4  st7735.o(.data)
    ssid                                     0x20000080   Data          32  esp8266.o(.data)
    pass                                     0x200000a0   Data          32  esp8266.o(.data)
    auth                                     0x200000c0   Data          64  esp8266.o(.data)
    Rx5PutI                                  0x20000100   Data           4  esp8266.o(.data)
    Rx5PutJ                                  0x20000104   Data           4  esp8266.o(.data)
    Rx5GetI                                  0x20000108   Data           4  esp8266.o(.data)
    Tx5PutI                                  0x2000010c   Data           4  esp8266.o(.data)
    Tx5GetI                                  0x20000110   Data           4  esp8266.o(.data)
    clockSize                                0x2000011c   Data           4  clock.o(.data)
    dataBufferIndex                          0x20000120   Data           4  clock.o(.data)
    currentSensor                            0x20000124   Data           4  clock.o(.data)
    currentMode                              0x20000128   Data           4  clock.o(.data)
    lastMode                                 0x2000012c   Data           4  clock.o(.data)
    initMode                                 0x20000130   Data           4  clock.o(.data)
    minutes                                  0x20000134   Data           4  clock.o(.data)
    seconds                                  0x20000138   Data           4  clock.o(.data)
    hours                                    0x2000013c   Data           4  clock.o(.data)
    timerHours                               0x20000140   Data           4  clock.o(.data)
    timerMinutes                             0x20000144   Data           4  clock.o(.data)
    timerSeconds                             0x20000148   Data           4  clock.o(.data)
    prevHours                                0x2000014c   Data           4  clock.o(.data)
    prevMinutes                              0x20000150   Data           4  clock.o(.data)
    prevSeconds                              0x20000154   Data           4  clock.o(.data)
    topHours                                 0x20000158   Data           4  clock.o(.data)
    topMinutes                               0x2000015c   Data           4  clock.o(.data)
    alarmSeconds                             0x20000160   Data           4  clock.o(.data)
    alarmMinutes                             0x20000164   Data           4  clock.o(.data)
    alarmHours                               0x20000168   Data           4  clock.o(.data)
    alarmSet                                 0x2000016c   Data           4  clock.o(.data)
    timeChanged                              0x20000170   Data           4  clock.o(.data)
    minuteChanged                            0x20000174   Data           4  clock.o(.data)
    am                                       0x20000178   Data           3  clock.o(.data)
    pm                                       0x2000017b   Data           3  clock.o(.data)
    merridian                                0x20000180   Data           4  clock.o(.data)
    alarmMerridian                           0x20000184   Data           4  clock.o(.data)
    prevMerridian                            0x20000188   Data           4  clock.o(.data)
    clockOrigin                              0x2000018c   Data           8  clock.o(.data)
    clockCenter                              0x20000194   Data           8  clock.o(.data)
    PeriodicTask0                            0x2000019c   Data           4  timer.o(.data)
    PeriodicTask1                            0x200001a0   Data           4  timer.o(.data)
    PeriodicTask2                            0x200001a4   Data           4  timer.o(.data)
    PeriodicTask3                            0x200001a8   Data           4  timer.o(.data)
    serial_buf                               0x20000234   Data          64  blynk.o(.bss)
    Rx5Fifo                                  0x20000274   Data         512  esp8266.o(.bss)
    RxMessage                                0x20000474   Data          64  esp8266.o(.bss)
    dataBuffer                               0x200005b4   Data          80  clock.o(.bss)
    PMFbuffer                                0x20000604   Data       16388  clock.o(.bss)
    __initial_sp                             0x20004a08   Data           0  startup.o(STACK)



==============================================================================

Memory Map of the image

  Image Entry point : 0x0000026d

  Load Region LR_1 (Base: 0x00000000, Size: 0x000069fc, Max: 0xffffffff, ABSOLUTE, COMPRESSED[0x000068d4])

    Execution Region ER_RO (Base: 0x00000000, Size: 0x00006848, Max: 0xffffffff, ABSOLUTE)

    Base Addr    Size         Type   Attr      Idx    E Section Name        Object

    0x00000000   0x00000284   Code   RO            3  * RESET               startup.o
    0x00000284   0x00000000   Code   RO         1118  * .ARM.Collect$$$$00000000  mc_w.l(entry.o)
    0x00000284   0x00000004   Code   RO         1420    .ARM.Collect$$$$00000001  mc_w.l(entry2.o)
    0x00000288   0x00000004   Code   RO         1423    .ARM.Collect$$$$00000004  mc_w.l(entry5.o)
    0x0000028c   0x00000000   Code   RO         1425    .ARM.Collect$$$$00000008  mc_w.l(entry7b.o)
    0x0000028c   0x00000000   Code   RO         1427    .ARM.Collect$$$$0000000A  mc_w.l(entry8b.o)
    0x0000028c   0x00000008   Code   RO         1428    .ARM.Collect$$$$0000000B  mc_w.l(entry9a.o)
    0x00000294   0x00000000   Code   RO         1430    .ARM.Collect$$$$0000000D  mc_w.l(entry10a.o)
    0x00000294   0x00000000   Code   RO         1432    .ARM.Collect$$$$0000000F  mc_w.l(entry11a.o)
    0x00000294   0x00000004   Code   RO         1421    .ARM.Collect$$$$00002712  mc_w.l(entry2.o)
    0x00000298   0x0000001c   Code   RO            4    .text               startup.o
    0x000002b4   0x00000012   Code   RO         1121    .text               mc_w.l(strcpy.o)
    0x000002c6   0x00000002   PAD
    0x000002c8   0x00000044   Code   RO         1123    .text               mc_w.l(strtok.o)
    0x0000030c   0x0000001a   Code   RO         1390    .text               mc_w.l(atoi.o)
    0x00000326   0x0000014e   Code   RO         1392    .text               mf_w.l(dadd.o)
    0x00000474   0x000000e4   Code   RO         1394    .text               mf_w.l(dmul.o)
    0x00000558   0x000000de   Code   RO         1396    .text               mf_w.l(ddiv.o)
    0x00000636   0x00000022   Code   RO         1398    .text               mf_w.l(dflti.o)
    0x00000658   0x0000003e   Code   RO         1400    .text               mf_w.l(dfixi.o)
    0x00000696   0x00000026   Code   RO         1402    .text               mf_w.l(f2d.o)
    0x000006bc   0x00000038   Code   RO         1404    .text               mf_w.l(d2f.o)
    0x000006f4   0x0000002c   Code   RO         1435    .text               mc_w.l(uidiv.o)
    0x00000720   0x0000001e   Code   RO         1439    .text               mc_w.l(llshl.o)
    0x0000073e   0x00000020   Code   RO         1441    .text               mc_w.l(llushr.o)
    0x0000075e   0x00000024   Code   RO         1443    .text               mc_w.l(llsshr.o)
    0x00000782   0x00000070   Code   RO         1452    .text               mc_w.l(strtol.o)
    0x000007f2   0x00000000   Code   RO         1454    .text               mc_w.l(iusefp.o)
    0x000007f2   0x0000006c   Code   RO         1455    .text               mf_w.l(fepilogue.o)
    0x0000085e   0x000000be   Code   RO         1457    .text               mf_w.l(depilogue.o)
    0x0000091c   0x0000002e   Code   RO         1459    .text               mf_w.l(dscalb.o)
    0x0000094a   0x00000002   PAD
    0x0000094c   0x00000024   Code   RO         1471    .text               mc_w.l(init.o)
    0x00000970   0x00000008   Code   RO         1473    .text               mc_w.l(ctype_o.o)
    0x00000978   0x0000009e   Code   RO         1501    .text               mc_w.l(_strtoul.o)
    0x00000a16   0x0000001a   Code   RO         1503    .text               mf_w.l(dfltui.o)
    0x00000a30   0x0000001c   Code   RO         1505    .text               mc_w.l(_chval.o)
    0x00000a4c   0x0000005c   Code   RO         1515    .text               mc_w.l(__dczerorl2.o)
    0x00000aa8   0x000000ec   Code   RO          971    i.ADC0_InitSWTriggerSeq3_Ch9  adcswtrigger.o
    0x00000b94   0x0000022c   Code   RO          171    i.Blynk_to_TM4C     blynk.o
    0x00000dc0   0x00000020   Code   RO          275    i.Delay1ms          st7735.o
    0x00000de0   0x00000020   Code   RO          565    i.DelayMs           esp8266.o
    0x00000e00   0x00000050   Code   RO          567    i.ESP8266_GetMessage  esp8266.o
    0x00000e50   0x00000088   Code   RO          568    i.ESP8266_Init      esp8266.o
    0x00000ed8   0x00000034   Code   RO          569    i.ESP8266_OutChar   esp8266.o
    0x00000f0c   0x00000018   Code   RO          570    i.ESP8266_OutString  esp8266.o
    0x00000f24   0x0000002a   Code   RO          571    i.ESP8266_OutUDec   esp8266.o
    0x00000f4e   0x00000002   PAD
    0x00000f50   0x000000f8   Code   RO          572    i.ESP8266_Reset     esp8266.o
    0x00001048   0x00000218   Code   RO          573    i.ESP8266_SetupWiFi  esp8266.o
    0x00001260   0x0000000c   Code   RO          277    i.Output_Color      st7735.o
    0x0000126c   0x00000010   Code   RO          278    i.Output_Init       st7735.o
    0x0000127c   0x0000007c   Code   RO           12    i.PLL_Init          pll.o
    0x000012f8   0x000000b8   Code   RO          718    i.PWM0A_Init        pwm.o
    0x000013b0   0x0000000c   Code   RO          719    i.PWM0B_Duty        pwm.o
    0x000013bc   0x000000bc   Code   RO          720    i.PWM0B_Init        pwm.o
    0x00001478   0x00000058   Code   RO          693    i.PortF_Init        portf.o
    0x000014d0   0x00000010   Code   RO          694    i.PortF_Input       portf.o
    0x000014e0   0x00000044   Code   RO          695    i.PortF_Output      portf.o
    0x00001524   0x0000002c   Code   RO          574    i.Rx5Fifo_Init      esp8266.o
    0x00001550   0x000000d0   Code   RO          575    i.Rx5Fifo_Put       esp8266.o
    0x00001620   0x00000014   Code   RO          576    i.Rx5Fifo_Size      esp8266.o
    0x00001634   0x00000024   Code   RO           35    i.RxFifo_Init       uart.o
    0x00001658   0x0000003c   Code   RO           36    i.RxFifo_Put        uart.o
    0x00001694   0x00000014   Code   RO           37    i.RxFifo_Size       uart.o
    0x000016a8   0x00000018   Code   RO          281    i.ST7735_Color565   st7735.o
    0x000016c0   0x00000124   Code   RO          282    i.ST7735_DrawBitmap  st7735.o
    0x000017e4   0x000000f4   Code   RO          284    i.ST7735_DrawCharS  st7735.o
    0x000018d8   0x00000080   Code   RO          287    i.ST7735_DrawFastVLine  st7735.o
    0x00001958   0x0000004c   Code   RO          288    i.ST7735_DrawPixel  st7735.o
    0x000019a4   0x00000056   Code   RO          290    i.ST7735_DrawString  st7735.o
    0x000019fa   0x00000002   PAD
    0x000019fc   0x000000b0   Code   RO          291    i.ST7735_FillRect   st7735.o
    0x00001aac   0x00000024   Code   RO          292    i.ST7735_FillScreen  st7735.o
    0x00001ad0   0x0000007c   Code   RO          294    i.ST7735_InitR      st7735.o
    0x00001b4c   0x000000ac   Code   RO          747    i.ST7735_Line       fixed.o
    0x00001bf8   0x000000d8   Code   RO          296    i.ST7735_OutChar    st7735.o
    0x00001cd0   0x00000018   Code   RO          297    i.ST7735_OutString  st7735.o
    0x00001ce8   0x00000058   Code   RO          299    i.ST7735_PlotBar    st7735.o
    0x00001d40   0x0000005c   Code   RO          300    i.ST7735_PlotClear  st7735.o
    0x00001d9c   0x00000020   Code   RO          302    i.ST7735_PlotNext   st7735.o
    0x00001dbc   0x00000020   Code   RO          307    i.ST7735_SetCursor  st7735.o
    0x00001ddc   0x0000000c   Code   RO          309    i.ST7735_SetTextColor  st7735.o
    0x00001de8   0x0000015c   Code   RO          172    i.SendInformation   blynk.o
    0x00001f44   0x00000024   Code   RO         1072    i.SysTick_Handler   systick.o
    0x00001f68   0x00000034   Code   RO         1073    i.SysTick_Init      systick.o
    0x00001f9c   0x0000003c   Code   RO          173    i.TM4C_to_Blynk     blynk.o
    0x00001fd8   0x00000018   Code   RO          988    i.Timer0A_Handler   timer.o
    0x00001ff0   0x00000074   Code   RO          989    i.Timer0_Init       timer.o
    0x00002064   0x00000018   Code   RO          991    i.Timer1A_Handler   timer.o
    0x0000207c   0x00000018   Code   RO          994    i.Timer2A_Handler   timer.o
    0x00002094   0x00000060   Code   RO          995    i.Timer2_Init       timer.o
    0x000020f4   0x00000018   Code   RO          997    i.Timer3A_Handler   timer.o
    0x0000210c   0x00000060   Code   RO          998    i.Timer3_Init       timer.o
    0x0000216c   0x00000038   Code   RO          577    i.Tx5Fifo_Get       esp8266.o
    0x000021a4   0x00000024   Code   RO          578    i.Tx5Fifo_Init      esp8266.o
    0x000021c8   0x0000003c   Code   RO          579    i.Tx5Fifo_Put       esp8266.o
    0x00002204   0x00000014   Code   RO          580    i.Tx5Fifo_Size      esp8266.o
    0x00002218   0x0000003c   Code   RO           38    i.TxFifo_Get        uart.o
    0x00002254   0x00000024   Code   RO           39    i.TxFifo_Init       uart.o
    0x00002278   0x0000003c   Code   RO           40    i.TxFifo_Put        uart.o
    0x000022b4   0x00000014   Code   RO           41    i.TxFifo_Size       uart.o
    0x000022c8   0x00000058   Code   RO           42    i.UART0_Handler     uart.o
    0x00002320   0x00000058   Code   RO          581    i.UART5_Handler     esp8266.o
    0x00002378   0x000000d8   Code   RO          582    i.UART5_Init        esp8266.o
    0x00002450   0x000000cc   Code   RO           48    i.UART_Init         uart.o
    0x0000251c   0x00000034   Code   RO           49    i.UART_OutChar      uart.o
    0x00002550   0x00000018   Code   RO           50    i.UART_OutString    uart.o
    0x00002568   0x00000028   Code   RO         1220    i.__0sprintf$3      mc_w.l(printf3.o)
    0x00002590   0x00000028   Code   RO         1467    i.__ARM_fpclassify  m_ws.l(fpclassify.o)
    0x000025b8   0x00000008   Code   RO         1445    i.__aeabi_errno_addr  mc_w.l(errno.o)
    0x000025c0   0x00000388   Code   RO         1409    i.__ieee754_rem_pio2  m_ws.l(rred.o)
    0x00002948   0x000000fc   Code   RO         1406    i.__kernel_cos      m_ws.l(cos_i.o)
    0x00002a44   0x000000aa   Code   RO         1469    i.__kernel_poly     m_ws.l(poly.o)
    0x00002aee   0x00000002   PAD
    0x00002af0   0x000000ec   Code   RO         1414    i.__kernel_sin      m_ws.l(sin_i.o)
    0x00002bdc   0x00000010   Code   RO         1465    i.__mathlib_dbl_underflow  m_ws.l(dunder.o)
    0x00002bec   0x0000000e   Code   RO         1509    i.__scatterload_copy  mc_w.l(handlers.o)
    0x00002bfa   0x00000002   Code   RO         1510    i.__scatterload_null  mc_w.l(handlers.o)
    0x00002bfc   0x0000000e   Code   RO         1511    i.__scatterload_zeroinit  mc_w.l(handlers.o)
    0x00002c0a   0x00000002   PAD
    0x00002c0c   0x0000000c   Code   RO         1447    i.__set_errno       mc_w.l(errno.o)
    0x00002c18   0x000001b8   Code   RO         1225    i._printf_core      mc_w.l(printf3.o)
    0x00002dd0   0x0000000a   Code   RO         1227    i._sputc            mc_w.l(printf3.o)
    0x00002dda   0x0000000e   Code   RO          752    i.abs1              fixed.o
    0x00002de8   0x00000104   Code   RO          804    i.calculateEndingPoint  clock.o
    0x00002eec   0x00000034   Code   RO          805    i.calculateHourHandPosition  clock.o
    0x00002f20   0x00000034   Code   RO          806    i.calculateMinuteHandPosition  clock.o
    0x00002f54   0x00000028   Code   RO          174    i.changeHeaterState  blynk.o
    0x00002f7c   0x00000028   Code   RO          175    i.changeLightState  blynk.o
    0x00002fa4   0x00000028   Code   RO          176    i.changeWaterState  blynk.o
    0x00002fcc   0x000001bc   Code   RO          807    i.clockMode         clock.o
    0x00003188   0x00000056   Code   RO          311    i.commandList       st7735.o
    0x000031de   0x00000002   PAD
    0x000031e0   0x00000184   Code   RO          312    i.commonInit        st7735.o
    0x00003364   0x00000028   Code   RO           53    i.copyHardwareToSoftware  uart.o
    0x0000338c   0x00000028   Code   RO          583    i.copyHardwareToSoftware5  esp8266.o
    0x000033b4   0x0000002c   Code   RO           54    i.copySoftwareToHardware  uart.o
    0x000033e0   0x0000002c   Code   RO          584    i.copySoftwareToHardware5  esp8266.o
    0x0000340c   0x000000ac   Code   RO         1103    i.cos               m_ws.l(cos.o)
    0x000034b8   0x0000001c   Code   RO          313    i.deselect          st7735.o
    0x000034d4   0x0000001c   Code   RO          808    i.disableAlarm      clock.o
    0x000034f0   0x0000005c   Code   RO          809    i.displayClockHands  clock.o
    0x0000354c   0x00000138   Code   RO          810    i.displayCurrentTime  clock.o
    0x00003684   0x0000000c   Code   RO          811    i.enableAlarm       clock.o
    0x00003690   0x0000000c   Code   RO          812    i.getMode           clock.o
    0x0000369c   0x0000000c   Code   RO          813    i.getSensor         clock.o
    0x000036a8   0x00000164   Code   RO          814    i.graphSensorsMode  clock.o
    0x0000380c   0x00000078   Code   RO          177    i.initActuators     blynk.o
    0x00003884   0x00000034   Code   RO          815    i.initClock         clock.o
    0x000038b8   0x00000008   Code   RO          178    i.initSensors       blynk.o
    0x000038c0   0x0000003c   Code   RO          179    i.main              blynk.o
    0x000038fc   0x000000a0   Code   RO          180    i.masterMain        blynk.o
    0x0000399c   0x0000001c   Code   RO          816    i.printAlarmStatus  clock.o
    0x000039b8   0x00000014   Code   RO          817    i.printModeTitle    clock.o
    0x000039cc   0x00000012   Code   RO          318    i.pushColor         st7735.o
    0x000039de   0x00000002   PAD
    0x000039e0   0x0000001c   Code   RO          818    i.putData           clock.o
    0x000039fc   0x00000074   Code   RO          319    i.setAddrWindow     st7735.o
    0x00003a70   0x00000104   Code   RO          819    i.setAlarmMode      clock.o
    0x00003b74   0x00000020   Code   RO          820    i.setHour           clock.o
    0x00003b94   0x00000020   Code   RO          821    i.setMinute         clock.o
    0x00003bb4   0x00000028   Code   RO          822    i.setMode           clock.o
    0x00003bdc   0x0000001c   Code   RO          823    i.setOffAlarm       clock.o
    0x00003bf8   0x00000020   Code   RO          824    i.setSecond         clock.o
    0x00003c18   0x00000020   Code   RO          825    i.setSensor         clock.o
    0x00003c38   0x000000b0   Code   RO         1111    i.sin               m_ws.l(sin.o)
    0x00003ce8   0x00000030   Code   RO          826    i.swapMerridian     clock.o
    0x00003d18   0x00000044   Code   RO          827    i.toggleMerridian   clock.o
    0x00003d5c   0x00000080   Code   RO          828    i.updateTime        clock.o
    0x00003ddc   0x00000038   Code   RO          320    i.writecommand      st7735.o
    0x00003e14   0x00000020   Code   RO          321    i.writedata         st7735.o
    0x00003e34   0x00000842   Data   RO          323    .constdata          st7735.o
    0x00004676   0x00000002   PAD
    0x00004678   0x00002008   Data   RO          830    .constdata          clock.o
    0x00006680   0x00000030   Data   RO         1407    .constdata          m_ws.l(cos_i.o)
    0x000066b0   0x000000c8   Data   RO         1411    .constdata          m_ws.l(rred.o)
    0x00006778   0x00000028   Data   RO         1415    .constdata          m_ws.l(sin_i.o)
    0x000067a0   0x00000081   Data   RO         1474    .constdata          mc_w.l(ctype_o.o)
    0x00006821   0x00000003   PAD
    0x00006824   0x00000004   Data   RO         1475    .constdata          mc_w.l(ctype_o.o)
    0x00006828   0x00000020   Data   RO         1507    Region$$Table       anon$$obj.o


    Execution Region ER_RW (Base: 0x20000000, Size: 0x000001b4, Max: 0xffffffff, ABSOLUTE, COMPRESSED[0x0000008c])

    Base Addr    Size         Type   Attr      Idx    E Section Name        Object

    0x20000000   0x00000010   Data   RW           56    .data               uart.o
    0x20000010   0x00000044   Data   RW          182    .data               blynk.o
    0x20000054   0x0000002c   Data   RW          324    .data               st7735.o
    0x20000080   0x00000094   Data   RW          586    .data               esp8266.o
    0x20000114   0x00000088   Data   RW          831    .data               clock.o
    0x2000019c   0x00000010   Data   RW         1000    .data               timer.o
    0x200001ac   0x00000004   Data   RW         1124    .data               mc_w.l(strtok.o)
    0x200001b0   0x00000004   Data   RW         1448    .data               mc_w.l(errno.o)


    Execution Region ER_ZI (Base: 0x200001b4, Size: 0x00004854, Max: 0xffffffff, ABSOLUTE)

    Base Addr    Size         Type   Attr      Idx    E Section Name        Object

    0x200001b4   0x00000080   Zero   RW           55    .bss                uart.o
    0x20000234   0x00000040   Zero   RW          181    .bss                blynk.o
    0x20000274   0x00000340   Zero   RW          585    .bss                esp8266.o
    0x200005b4   0x00004054   Zero   RW          829    .bss                clock.o
    0x20004608   0x00000400   Zero   RW            1    STACK               startup.o


==============================================================================

Image component sizes


      Code (inc. data)   RO Data    RW Data    ZI Data      Debug   Object Name

       236         30          0          0          0        473   adcswtrigger.o
      1432        214          0         68         64       7122   blynk.o
      2460        556       8200        136      16468      15199   clock.o
      1982        618          0        148        832      10568   esp8266.o
       186          0          0          0          0       1341   fixed.o
       124          6          0          0          0       4643   pll.o
       172         30          0          0          0       1618   portf.o
       384         50          0          0          0       1431   pwm.o
      2466        258       2114         44          0      17203   st7735.o
       672        622          0          0       1024        924   startup.o
        88         18          0          0          0        797   systick.o
       404         96          0         16          0       3756   timer.o
       744        120          0         16        128       6857   uart.o

    ----------------------------------------------------------------------
     11358       2618      10348        428      18516      71932   Object Totals
         0          0         32          0          0          0   (incl. Generated)
         8          0          2          0          0          0   (incl. Padding)

    ----------------------------------------------------------------------

      Code (inc. data)   RO Data    RW Data    ZI Data      Debug   Library Member Name

       172          8          0          0          0        112   cos.o
       252         22         48          0          0        124   cos_i.o
        16          6          0          0          0         68   dunder.o
        40          0          0          0          0         68   fpclassify.o
       170          0          0          0          0         96   poly.o
       904         72        200          0          0        140   rred.o
       176         10          0          0          0        116   sin.o
       236         12         40          0          0        128   sin_i.o
        92          0          0          0          0          0   __dczerorl2.o
        28          0          0          0          0         68   _chval.o
       158          0          0          0          0         92   _strtoul.o
        26          0          0          0          0         80   atoi.o
         8          4        133          0          0         68   ctype_o.o
         0          0          0          0          0          0   entry.o
         0          0          0          0          0          0   entry10a.o
         0          0          0          0          0          0   entry11a.o
         8          4          0          0          0          0   entry2.o
         4          0          0          0          0          0   entry5.o
         0          0          0          0          0          0   entry7b.o
         0          0          0          0          0          0   entry8b.o
         8          4          0          0          0          0   entry9a.o
        20         10          0          4          0        136   errno.o
        30          0          0          0          0          0   handlers.o
        36          8          0          0          0         68   init.o
         0          0          0          0          0          0   iusefp.o
        30          0          0          0          0         68   llshl.o
        36          0          0          0          0         68   llsshr.o
        32          0          0          0          0         68   llushr.o
       490         10          0          0          0        248   printf3.o
        18          0          0          0          0         68   strcpy.o
        68          6          0          4          0         80   strtok.o
       112          0          0          0          0         88   strtol.o
        44          0          0          0          0         80   uidiv.o
        56          0          0          0          0         88   d2f.o
       334          0          0          0          0        148   dadd.o
       222          0          0          0          0        100   ddiv.o
       190          0          0          0          0        176   depilogue.o
        62          0          0          0          0         80   dfixi.o
        34          0          0          0          0         76   dflti.o
        26          0          0          0          0         76   dfltui.o
       228          0          0          0          0         96   dmul.o
        46          0          0          0          0         80   dscalb.o
        38          0          0          0          0         68   f2d.o
       108          0          0          0          0        168   fepilogue.o

    ----------------------------------------------------------------------
      4566        176        424          8          0       3288   Library Totals
         8          0          3          0          0          0   (incl. Padding)

    ----------------------------------------------------------------------

      Code (inc. data)   RO Data    RW Data    ZI Data      Debug   Library Name

      1966        130        288          0          0        852   m_ws.l
      1248         46        133          8          0       1280   mc_w.l
      1344          0          0          0          0       1156   mf_w.l

    ----------------------------------------------------------------------
      4566        176        424          8          0       3288   Library Totals

    ----------------------------------------------------------------------

==============================================================================


      Code (inc. data)   RO Data    RW Data    ZI Data      Debug   

     15924       2794      10772        436      18516      67888   Grand Totals
     15924       2794      10772        140      18516      67888   ELF Image Totals (compressed)
     15924       2794      10772        140          0          0   ROM Totals

==============================================================================

    Total RO  Size (Code + RO Data)                26696 (  26.07kB)
    Total RW  Size (RW Data + ZI Data)             18952 (  18.51kB)
    Total ROM Size (Code + RO Data + RW Data)      26836 (  26.21kB)

==============================================================================

