<html>
<body>
<pre>
<h1>µVision Build Log</h1>
<h2>Project:</h2>
C:\Users\User\Documents\GitHub\445L-Garden-Telemetry\GardenTelemetry\Blynk.uvproj
Project File Date:  09/30/2018

<h2>Output:</h2>
Rebuild target 'Blynk'
assembling startup.s...
compiling PLL.c...
compiling UART.c...
compiling Blynk.c...
compiling ST7735.c...
compiling esp8266.c...
compiling PortF.c...
compiling PWM.c...
compiling fixed.c...
compiling clock.c...
compiling ADCSWTrigger.c...
compiling Timer.c...
Timer.c(168): warning:  #1-D: last line of file ends without a newline
  }
Timer.c: 1 warning, 0 errors
linking...
Program Size: Code=14024 RO-data=10776 RW-data=388 ZI-data=2052  
".\Blynk.axf" - 0 Error(s), 1 Warning(s).
